exports[`Android renders correctly 1`] = `
<View
  style={
    Object {
      "backgroundColor": "rgba(0, 0, 0, 0.1)",
      "flex": 1,
    }
  }>
  <View
    style={
      Object {
        "alignItems": "center",
        "flex": 1,
        "justifyContent": "center",
      }
    }>
    <Text
      accessible={true}
      allowFontScaling={true}
      ellipsizeMode="tail">
      Loading cards...
    </Text>
  </View>
</View>
`;
